'Recaman.SS2WordOffsetSpan.core_mass' does not depend on any axioms
'Recaman.SS2WordOffsetSpan.core_moment' does not depend on any axioms
'Recaman.SS2WordOffsetSpan.core_length' does not depend on any axioms
'Recaman.SS2WordOffsetSpan.word_length' depends on axioms: [propext, Quot.sound]
'Recaman.SS2WordOffsetSpan.word_P2' depends on axioms: [propext, Classical.choice, Quot.sound]
'Recaman.SS2WordOffsetSpan.alt_A_zero_prefix' depends on axioms: [propext, Quot.sound]
'Recaman.SS2WordOffsetSpan.alt_take_pairs' depends on axioms: [propext, Quot.sound]
'Recaman.SS2WordOffsetSpan.core_mass_one_prefix' depends on axioms: [propext, Quot.sound]
'Recaman.SS2WordOffsetSpan.proper_mass_one_prefix' depends on axioms: [propext, Classical.choice, Quot.sound]
'Recaman.SS2WordOffsetSpan.proper_mass_one_positions_iff' depends on axioms: [propext, Classical.choice, Quot.sound]
'Recaman.SS2WordOffsetSpan.word_minimum' depends on axioms: [propext, Classical.choice, Quot.sound]
'Recaman.SS2WordOffsetSpan.word_ssCount' depends on axioms: [propext]
'Recaman.SS2WordOffsetSpan.word_saasCount_zero' depends on axioms: [propext]
'Recaman.SS2WordOffsetSpan.word_noSAAS' depends on axioms: [propext, Quot.sound]
'Recaman.SS2WordOffsetSpan.history_noSAAS' depends on axioms: [propext, Quot.sound]
'Recaman.SS2WordOffsetSpan.word_newest_S' depends on axioms: [propext]
'Recaman.SS2WordOffsetSpan.word_ends_S' depends on axioms: [propext, Quot.sound]
'Recaman.SS2WordOffsetSpan.oldestOffset_append_S' depends on axioms: [propext]
'Recaman.SS2WordOffsetSpan.word_oldestOffset' depends on axioms: [propext, Quot.sound]
'Recaman.SS2WordOffsetSpan.word_true_oldest_S' depends on axioms: [propext, Quot.sound]
'Recaman.SS2WordOffsetSpan.word_terminal_length' depends on axioms: [propext, Quot.sound]
'Recaman.SS2WordOffsetSpan.word_span' depends on axioms: [propext, Quot.sound]
'Recaman.SS2WordOffsetSpan.exists_unbounded_span' depends on axioms: [propext, Classical.choice, Quot.sound]
