core_mass: concrete / proof=work / SUBSTANTIVE
core_moment: concrete / proof=work / SUBSTANTIVE
core_length: concrete / proof=work / SUBSTANTIVE
word_length: concrete / proof=wrapper / -
word_P2: concrete / proof=work / SUBSTANTIVE
alt_A_zero_prefix: concrete / proof=work / SUBSTANTIVE
alt_take_pairs: concrete / proof=work / SUBSTANTIVE
core_mass_one_prefix: concrete / proof=work / SUBSTANTIVE
proper_mass_one_prefix: concrete / proof=work / SUBSTANTIVE
proper_mass_one_positions_iff: concrete / proof=work / SUBSTANTIVE
word_minimum: concrete / proof=work / SUBSTANTIVE
word_ssCount: concrete / proof=work / SUBSTANTIVE
word_saasCount_zero: concrete / proof=work / SUBSTANTIVE
word_noSAAS: concrete / proof=work / SUBSTANTIVE
history_noSAAS: concrete / proof=work / SUBSTANTIVE
word_newest_S: concrete / proof=wrapper / -
word_ends_S: concrete / proof=work / SUBSTANTIVE
oldestOffset_append_S: concrete / proof=work / SUBSTANTIVE
word_oldestOffset: concrete / proof=work / SUBSTANTIVE
word_true_oldest_S: concrete / proof=work / SUBSTANTIVE
word_terminal_length: concrete / proof=wrapper / -
word_span: concrete / proof=work / SUBSTANTIVE
exists_unbounded_span: concrete / proof=work / SUBSTANTIVE
# Recaman/SS2WordOffsetSpan.lean: 20/23 substantive theorems
