mass_replicate_S: concrete / proof=work / SUBSTANTIVE
twice_moment_replicate_S: concrete / proof=work / SUBSTANTIVE
alt_S_negative_prefix: concrete / proof=work / SUBSTANTIVE
head_mass: concrete / proof=work / SUBSTANTIVE
head_moment: concrete / proof=work / SUBSTANTIVE
core_mass: concrete / proof=work / SUBSTANTIVE
core_moment: concrete / proof=work / SUBSTANTIVE
body_length: concrete / proof=wrapper / -
body_mass: concrete / proof=work / SUBSTANTIVE
body_twice_moment: concrete / proof=work / SUBSTANTIVE
take_body_alt: concrete / proof=work / SUBSTANTIVE
take_body_S: concrete / proof=work / SUBSTANTIVE
take_body_A: concrete / proof=work / SUBSTANTIVE
proper_mass_one_prefix: concrete / proof=work / SUBSTANTIVE
body_minimal: concrete / proof=work / SUBSTANTIVE
alt_S_prefix_at_pair: concrete / proof=work / SUBSTANTIVE
proper_mass_one_positions_iff: concrete / proof=work / SUBSTANTIVE
square_ge_twice_add_three: pure-arithmetic / proof=work / -
pairCount_equation: concrete / proof=work / SUBSTANTIVE
pairCount_int: pure-arithmetic / proof=work / -
body_P2: concrete / proof=work / SUBSTANTIVE
body_sharp_length: concrete / proof=work / SUBSTANTIVE
ssCount_replicate_A: concrete / proof=work / SUBSTANTIVE
ssCount_S_then_A: concrete / proof=work / SUBSTANTIVE
body_ssCount: concrete / proof=work / SUBSTANTIVE
terminal_S_A_length: concrete / proof=work / SUBSTANTIVE
body_terminal_length: concrete / proof=wrapper / -
small_word_properties: concrete / proof=work / SUBSTANTIVE
word_properties: concrete / proof=work / SUBSTANTIVE
exists_minimal_p2_with_terminal_length: concrete / proof=wrapper / -
exists_minimal_p2_terminal_run: concrete / proof=wrapper / -
# Recaman/TerminalASharpWords.lean: 25/31 substantive theorems
