1 1 1 0 0 0 0 0 0 -999
2 1 1 0 0 0 0 0 0 -999
3 2 4 0 0 0 0 0 0 -999
4 2 5 1 0 0 0 0 0 -999
5 4 16 2 0 0 0 0 0 -999
6 5 22 3 0 0 0 0 0 -999
7 10 64 7 1 1 1 0 0 -999
8 13 93 14 1 1 1 0 0 -999
9 30 256 30 2 2 1 0 0 -999
10 41 386 52 1 1 1 0 0 -999
11 94 1024 114 8 8 1 0 0 -999
12 136 1586 199 11 4 1 0 0 -999
13 316 4096 449 27 13 1 0 0 -999
14 468 6476 761 35 14 1 0 0 -999
15 1096 16384 1739 81 32 1 0 0 -999
16 1653 26333 2957 149 25 2 1 4 3
17 3856 65536 6805 319 45 1 0 0 -999
18 5949 106762 11610 525 93 2 2 6 4
19 13798 262144 26642 1112 97 1 0 0 -999
20 21618 431910 45736 1972 108 2 5 16 5
21 49940 1048576 104823 4430 126 2 4 12 5
22 79340 1744436 180906 7434 384 2 12 48 4
