summary 1 1 1 0 0 0 0 0 0 -999
summary 2 1 1 0 0 0 0 0 0 -999
summary 3 2 4 0 0 0 0 0 0 -999
summary 4 2 5 1 0 0 0 0 0 -999
summary 5 4 16 2 0 0 0 0 0 -999
summary 6 5 22 3 0 0 0 0 0 -999
summary 7 10 64 7 1 1 1 0 0 -999
summary 8 13 93 14 1 1 1 0 0 -999
summary 9 30 256 30 2 2 1 0 0 -999
summary 10 41 386 52 1 1 1 0 0 -999
summary 11 94 1024 114 8 8 1 0 0 -999
summary 12 136 1586 199 11 4 1 0 0 -999
summary 13 316 4096 449 27 13 1 0 0 -999
summary 14 468 6476 761 35 14 1 0 0 -999
summary 15 1096 16384 1739 81 32 1 0 0 -999
pair 16 5487 3 12 49152 60048 10896 5 2
summary 16 1653 26333 2957 149 25 2 1 0 -999
summary 17 3856 65536 6805 319 45 1 0 0 -999
pair 18 21871 3 12 196608 240272 43664 6 2
pair 18 21943 5 14 131072 240200 109128 7 1
summary 18 5949 106762 11610 525 93 2 2 0 -999
summary 19 13798 262144 26642 1112 97 1 0 0 -999
pair 20 87407 3 12 786432 961168 174736 7 2
pair 20 87479 5 14 524288 961096 436808 8 1
pair 20 87739 7 16 4 960836 960832 8 1
pair 20 87767 7 16 524296 960808 436512 7 2
pair 20 88751 3 16 786432 959824 173392 7 2
summary 20 21618 431910 45736 1972 108 2 5 0 -999
pair 21 177519 3 12 1572864 1919632 346768 7 2
pair 21 185783 5 14 1048576 1911368 862792 8 1
pair 21 218811 7 16 4 1878340 1878336 8 1
pair 21 218839 7 16 1048584 1878312 829728 7 2
summary 21 49940 1048576 104823 4430 126 2 4 0 -999
pair 22 349551 3 12 3145728 3836560 690832 7 2
pair 22 349565 5 18 2 3844738 3844736 9 1
pair 22 349623 5 14 2097152 3811912 1714760 8 1
pair 22 349883 7 16 4 3713348 3713344 8 1
pair 22 349911 7 16 2097160 3713320 1616160 7 2
pair 22 350895 3 16 3145728 3843408 697680 8 2
pair 22 354999 5 18 2097152 3839304 1742152 9 1
pair 22 357743 3 12 3147776 3836560 688784 6 3
pair 22 382391 5 14 2105344 3811912 1706568 7 2
pair 22 480955 7 16 32772 3713348 3680576 7 2
pair 22 480983 7 16 2129928 3713320 1583392 6 3
pair 22 611759 3 16 3145728 3582544 436816 8 2
summary 22 79340 1744436 180906 7434 384 2 12 0 -999
