'Recaman.SS2ShortTight.shortOff_le_window' depends on axioms: [propext, Classical.choice, Quot.sound]
'Recaman.SS2ShortTight.short_window_hall' depends on axioms: [propext, Classical.choice, Quot.sound]
'Recaman.SS2ShortTight.member_window_aas_or_w1' depends on axioms: [propext, Classical.choice, Quot.sound]
'Recaman.SS2ShortTight.w1_owns_oldest' depends on axioms: [propext, Classical.choice, Quot.sound]
'Recaman.SS2ShortTight.w1_future_aas_member' depends on axioms: [propext, Classical.choice, Quot.sound]
'Recaman.SS2ShortTight.w1_next_addition' depends on axioms: [propext, Classical.choice, Quot.sound]
'Recaman.SS2ShortTight.moment_ending_A_budget' depends on axioms: [propext, Classical.choice, Quot.sound]
'Recaman.SS2ShortTight.suffix_mass_ending_A' depends on axioms: [propext, Quot.sound]
'Recaman.SS2ShortTight.ss2_intervening_prefix' depends on axioms: [propext, Classical.choice, Quot.sound]
'Recaman.SS2ShortTight.moment_replicate_A_nonneg' depends on axioms: [propext, Classical.choice, Quot.sound]
'Recaman.SS2ShortTight.p2_append_A_tail_data' depends on axioms: [propext, Classical.choice, Quot.sound]
'Recaman.SS2ShortTight.ss2_aas_oldest_has_prefix' depends on axioms: [propext, Classical.choice, Quot.sound]
'Recaman.SS2ShortTight.ss2_no_w1_oldest' depends on axioms: [propext, Classical.choice, Quot.sound]
'Recaman.SS2ShortTight.oldestOffset_le_length' depends on axioms: [propext, Quot.sound]
'Recaman.SS2ShortTight.oldestOffset_split' depends on axioms: [propext]
'Recaman.SS2ShortTight.ssCount_append_replicate_A' depends on axioms: [propext]
'Recaman.SS2ShortTight.past_oldest_split' depends on axioms: [propext, Quot.sound]
'Recaman.SS2ShortTight.oldest_cover_clock_lt' depends on axioms: [propext, Quot.sound]
'Recaman.SS2ShortTight.past_oldest_cover_decomposition' depends on axioms: [propext, Quot.sound]
'Recaman.SS2ShortTight.oldest_not_aas_endpoint' depends on axioms: [propext, Classical.choice, Quot.sound]
'Recaman.SS2ShortTight.oldest_not_w1_endpoint' depends on axioms: [propext, Classical.choice, Quot.sound]
'Recaman.SS2ShortTight.owner_member_avoids_oldest' depends on axioms: [propext, Classical.choice, Quot.sound]
'Recaman.SS2ShortTight.short_tight_avoids_donor' depends on axioms: [propext, Classical.choice, Quot.sound]
