shortOff_le_window: concrete / proof=work / SUBSTANTIVE
short_window_hall: concrete / proof=work / SUBSTANTIVE
member_window_aas_or_w1: concrete / proof=work / SUBSTANTIVE
w1_owns_oldest: concrete / proof=work / SUBSTANTIVE
w1_future_aas_member: concrete / proof=work / SUBSTANTIVE
w1_next_addition: concrete / proof=work / SUBSTANTIVE
moment_ending_A_budget: concrete / proof=work / SUBSTANTIVE
suffix_mass_ending_A: concrete / proof=work / SUBSTANTIVE
ss2_intervening_prefix: concrete / proof=work / SUBSTANTIVE
moment_replicate_A_nonneg: concrete / proof=work / SUBSTANTIVE
p2_append_A_tail_data: concrete / proof=work / SUBSTANTIVE
ss2_aas_oldest_has_prefix: concrete / proof=work / SUBSTANTIVE
ss2_no_w1_oldest: concrete / proof=work / SUBSTANTIVE
oldestOffset_le_length: concrete / proof=work / SUBSTANTIVE
oldestOffset_split: concrete / proof=work / SUBSTANTIVE
ssCount_append_replicate_A: concrete / proof=work / SUBSTANTIVE
past_oldest_split: concrete / proof=work / SUBSTANTIVE
oldest_cover_clock_lt: concrete / proof=work / SUBSTANTIVE
past_oldest_cover_decomposition: concrete / proof=work / SUBSTANTIVE
oldest_not_aas_endpoint: concrete / proof=work / SUBSTANTIVE
oldest_not_w1_endpoint: concrete / proof=work / SUBSTANTIVE
owner_member_avoids_oldest: concrete / proof=work / SUBSTANTIVE
short_tight_avoids_donor: concrete / proof=work / SUBSTANTIVE
# Recaman/SS2ShortTight.lean: 23/23 substantive theorems
